---
source: tests/tui_snapshots.rs
expression: render_to_buffer(&app)
---
Buffer {
    area: Rect { x: 0, y: 0, width: 80, height: 24 },
    content: [
        "╭ Lines ───────────────────────────────────────────────────────────────────────╮",
        "│ ↑↓ widgets · ←→ lines · Enter replace · a add · l line · d del · r raw · Alt │",
        "│ ▶ Line 1 (1 widgets)                                                         │",
        "│     ▶ Model                                                                  │",
        "│                                                                              │",
        "│                                                                              │",
        "│                                                                              │",
        "│                                                                              │",
        "│                                                                              │",
        "│                                                                              │",
        "│                                                                              │",
        "╰──────────────────────────────────────────────────────────────────────────────╯",
        "╭ Widget Settings ─────────────────────╮╭ Preview ─────────────────────────────╮",
        "│ edit · ↑↓ navigate · Enter apply · E ││  ╭─────────────────────────────────╮ │",
        "│ ▶ Text color: (default)              ││  │ > ctrl+s saves config           │ │",
        "│    ●●    ●●   [●●]   ●●    ●●        ││  ╰─────────────────────────────────╯ │",
        "│    ●●    ●●    ●●    ●●    ●●        ││                                      │",
        "│    ●●    ●●    ●●    ●●    ●●        ││  Sonnet 4.7                          │",
        "│  Shades  ●1   ●2   ●3   ●4  [●5]     ││                                      │",
        "│     Default (none)                   ││                                      │",
        "│     Custom hex…                      ││                                      │",
        "│   Background: (default)              ││                                      │",
        "╰──────────────────────────────────────╯╰──────────────────────────────────────╯",
        "  Tab switch panel  ? help  ^S save  q quit                                     ",
    ],
    styles: [
        x: 0, y: 0, fg: DarkGray, bg: Reset, underline: Reset, modifier: NONE,
        x: 1, y: 1, fg: Reset, bg: Reset, underline: Reset, modifier: NONE,
        x: 2, y: 1, fg: DarkGray, bg: Reset, underline: Reset, modifier: NONE,
        x: 78, y: 1, fg: Reset, bg: Reset, underline: Reset, modifier: NONE,
        x: 79, y: 1, fg: DarkGray, bg: Reset, underline: Reset, modifier: NONE,
        x: 1, y: 2, fg: Reset, bg: Reset, underline: Reset, modifier: NONE,
        x: 4, y: 2, fg: Reset, bg: Reset, underline: Reset, modifier: BOLD,
        x: 22, y: 2, fg: Reset, bg: Reset, underline: Reset, modifier: NONE,
        x: 79, y: 2, fg: DarkGray, bg: Reset, underline: Reset, modifier: NONE,
        x: 1, y: 3, fg: Reset, bg: Reset, underline: Reset, modifier: NONE,
        x: 79, y: 3, fg: DarkGray, bg: Reset, underline: Reset, modifier: NONE,
        x: 1, y: 4, fg: Reset, bg: Reset, underline: Reset, modifier: NONE,
        x: 79, y: 4, fg: DarkGray, bg: Reset, underline: Reset, modifier: NONE,
        x: 1, y: 5, fg: Reset, bg: Reset, underline: Reset, modifier: NONE,
        x: 79, y: 5, fg: DarkGray, bg: Reset, underline: Reset, modifier: NONE,
        x: 1, y: 6, fg: Reset, bg: Reset, underline: Reset, modifier: NONE,
        x: 79, y: 6, fg: DarkGray, bg: Reset, underline: Reset, modifier: NONE,
        x: 1, y: 7, fg: Reset, bg: Reset, underline: Reset, modifier: NONE,
        x: 79, y: 7, fg: DarkGray, bg: Reset, underline: Reset, modifier: NONE,
        x: 1, y: 8, fg: Reset, bg: Reset, underline: Reset, modifier: NONE,
        x: 79, y: 8, fg: DarkGray, bg: Reset, underline: Reset, modifier: NONE,
        x: 1, y: 9, fg: Reset, bg: Reset, underline: Reset, modifier: NONE,
        x: 79, y: 9, fg: DarkGray, bg: Reset, underline: Reset, modifier: NONE,
        x: 1, y: 10, fg: Reset, bg: Reset, underline: Reset, modifier: NONE,
        x: 79, y: 10, fg: DarkGray, bg: Reset, underline: Reset, modifier: NONE,
        x: 0, y: 12, fg: Yellow, bg: Reset, underline: Reset, modifier: BOLD,
        x: 40, y: 12, fg: DarkGray, bg: Reset, underline: Reset, modifier: NONE,
        x: 0, y: 13, fg: Yellow, bg: Reset, underline: Reset, modifier: BOLD,
        x: 1, y: 13, fg: Reset, bg: Reset, underline: Reset, modifier: NONE,
        x: 2, y: 13, fg: DarkGray, bg: Reset, underline: Reset, modifier: DIM,
        x: 38, y: 13, fg: Reset, bg: Reset, underline: Reset, modifier: NONE,
        x: 39, y: 13, fg: Yellow, bg: Reset, underline: Reset, modifier: BOLD,
        x: 40, y: 13, fg: DarkGray, bg: Reset, underline: Reset, modifier: NONE,
        x: 41, y: 13, fg: Reset, bg: Reset, underline: Reset, modifier: NONE,
        x: 43, y: 13, fg: DarkGray, bg: Reset, underline: Reset, modifier: NONE,
        x: 78, y: 13, fg: Reset, bg: Reset, underline: Reset, modifier: NONE,
        x: 79, y: 13, fg: DarkGray, bg: Reset, underline: Reset, modifier: NONE,
        x: 0, y: 14, fg: Yellow, bg: Reset, underline: Reset, modifier: BOLD,
        x: 1, y: 14, fg: Reset, bg: Reset, underline: Reset, modifier: NONE,
        x: 4, y: 14, fg: Yellow, bg: Reset, underline: Reset, modifier: BOLD,
        x: 16, y: 14, fg: Yellow, bg: Reset, underline: Reset, modifier: NONE,
        x: 25, y: 14, fg: Reset, bg: Reset, underline: Reset, modifier: NONE,
        x: 39, y: 14, fg: Yellow, bg: Reset, underline: Reset, modifier: BOLD,
        x: 40, y: 14, fg: DarkGray, bg: Reset, underline: Reset, modifier: NONE,
        x: 41, y: 14, fg: Reset, bg: Reset, underline: Reset, modifier: NONE,
        x: 43, y: 14, fg: DarkGray, bg: Reset, underline: Reset, modifier: NONE,
        x: 44, y: 14, fg: Reset, bg: Reset, underline: Reset, modifier: NONE,
        x: 45, y: 14, fg: Gray, bg: Reset, underline: Reset, modifier: NONE,
        x: 47, y: 14, fg: DarkGray, bg: Reset, underline: Reset, modifier: DIM,
        x: 66, y: 14, fg: Reset, bg: Reset, underline: Reset, modifier: NONE,
        x: 77, y: 14, fg: DarkGray, bg: Reset, underline: Reset, modifier: NONE,
        x: 78, y: 14, fg: Reset, bg: Reset, underline: Reset, modifier: NONE,
        x: 79, y: 14, fg: DarkGray, bg: Reset, underline: Reset, modifier: NONE,
        x: 0, y: 15, fg: Yellow, bg: Reset, underline: Reset, modifier: BOLD,
        x: 1, y: 15, fg: Reset, bg: Reset, underline: Reset, modifier: NONE,
        x: 4, y: 15, fg: DarkGray, bg: Reset, underline: Reset, modifier: NONE,
        x: 5, y: 15, fg: Rgb(255, 255, 255), bg: Reset, underline: Reset, modifier: NONE,
        x: 7, y: 15, fg: DarkGray, bg: Reset, underline: Reset, modifier: NONE,
        x: 8, y: 15, fg: Reset, bg: Reset, underline: Reset, modifier: NONE,
        x: 10, y: 15, fg: DarkGray, bg: Reset, underline: Reset, modifier: NONE,
        x: 11, y: 15, fg: Rgb(173, 181, 189), bg: Reset, underline: Reset, modifier: NONE,
        x: 13, y: 15, fg: DarkGray, bg: Reset, underline: Reset, modifier: NONE,
        x: 14, y: 15, fg: Reset, bg: Reset, underline: Reset, modifier: NONE,
        x: 16, y: 15, fg: Yellow, bg: Reset, underline: Reset, modifier: BOLD,
        x: 17, y: 15, fg: Rgb(73, 80, 87), bg: Reset, underline: Reset, modifier: NONE,
        x: 19, y: 15, fg: Yellow, bg: Reset, underline: Reset, modifier: BOLD,
        x: 20, y: 15, fg: Reset, bg: Reset, underline: Reset, modifier: NONE,
        x: 22, y: 15, fg: DarkGray, bg: Reset, underline: Reset, modifier: NONE,
        x: 23, y: 15, fg: Rgb(30, 30, 30), bg: Reset, underline: Reset, modifier: NONE,
        x: 25, y: 15, fg: DarkGray, bg: Reset, underline: Reset, modifier: NONE,
        x: 26, y: 15, fg: Reset, bg: Reset, underline: Reset, modifier: NONE,
        x: 28, y: 15, fg: DarkGray, bg: Reset, underline: Reset, modifier: NONE,
        x: 29, y: 15, fg: Rgb(132, 99, 88), bg: Reset, underline: Reset, modifier: NONE,
        x: 31, y: 15, fg: DarkGray, bg: Reset, underline: Reset, modifier: NONE,
        x: 32, y: 15, fg: Reset, bg: Reset, underline: Reset, modifier: NONE,
        x: 39, y: 15, fg: Yellow, bg: Reset, underline: Reset, modifier: BOLD,
        x: 40, y: 15, fg: DarkGray, bg: Reset, underline: Reset, modifier: NONE,
        x: 41, y: 15, fg: Reset, bg: Reset, underline: Reset, modifier: NONE,
        x: 43, y: 15, fg: DarkGray, bg: Reset, underline: Reset, modifier: NONE,
        x: 78, y: 15, fg: Reset, bg: Reset, underline: Reset, modifier: NONE,
        x: 79, y: 15, fg: DarkGray, bg: Reset, underline: Reset, modifier: NONE,
        x: 0, y: 16, fg: Yellow, bg: Reset, underline: Reset, modifier: BOLD,
        x: 1, y: 16, fg: Reset, bg: Reset, underline: Reset, modifier: NONE,
        x: 4, y: 16, fg: DarkGray, bg: Reset, underline: Reset, modifier: NONE,
        x: 5, y: 16, fg: Rgb(9, 146, 104), bg: Reset, underline: Reset, modifier: NONE,
        x: 7, y: 16, fg: DarkGray, bg: Reset, underline: Reset, modifier: NONE,
        x: 8, y: 16, fg: Reset, bg: Reset, underline: Reset, modifier: NONE,
        x: 10, y: 16, fg: DarkGray, bg: Reset, underline: Reset, modifier: NONE,
        x: 11, y: 16, fg: Rgb(25, 113, 194), bg: Reset, underline: Reset, modifier: NONE,
        x: 13, y: 16, fg: DarkGray, bg: Reset, underline: Reset, modifier: NONE,
        x: 14, y: 16, fg: Reset, bg: Reset, underline: Reset, modifier: NONE,
        x: 16, y: 16, fg: DarkGray, bg: Reset, underline: Reset, modifier: NONE,
        x: 17, y: 16, fg: Rgb(103, 65, 217), bg: Reset, underline: Reset, modifier: NONE,
        x: 19, y: 16, fg: DarkGray, bg: Reset, underline: Reset, modifier: NONE,
        x: 20, y: 16, fg: Reset, bg: Reset, underline: Reset, modifier: NONE,
        x: 22, y: 16, fg: DarkGray, bg: Reset, underline: Reset, modifier: NONE,
        x: 23, y: 16, fg: Rgb(156, 54, 181), bg: Reset, underline: Reset, modifier: NONE,
        x: 25, y: 16, fg: DarkGray, bg: Reset, underline: Reset, modifier: NONE,
        x: 26, y: 16, fg: Reset, bg: Reset, underline: Reset, modifier: NONE,
        x: 28, y: 16, fg: DarkGray, bg: Reset, underline: Reset, modifier: NONE,
        x: 29, y: 16, fg: Rgb(194, 37, 92), bg: Reset, underline: Reset, modifier: NONE,
        x: 31, y: 16, fg: DarkGray, bg: Reset, underline: Reset, modifier: NONE,
        x: 32, y: 16, fg: Reset, bg: Reset, underline: Reset, modifier: NONE,
        x: 39, y: 16, fg: Yellow, bg: Reset, underline: Reset, modifier: BOLD,
        x: 40, y: 16, fg: DarkGray, bg: Reset, underline: Reset, modifier: NONE,
        x: 41, y: 16, fg: Reset, bg: Reset, underline: Reset, modifier: NONE,
        x: 79, y: 16, fg: DarkGray, bg: Reset, underline: Reset, modifier: NONE,
        x: 0, y: 17, fg: Yellow, bg: Reset, underline: Reset, modifier: BOLD,
        x: 1, y: 17, fg: Reset, bg: Reset, underline: Reset, modifier: NONE,
        x: 4, y: 17, fg: DarkGray, bg: Reset, underline: Reset, modifier: NONE,
        x: 5, y: 17, fg: Rgb(47, 158, 68), bg: Reset, underline: Reset, modifier: NONE,
        x: 7, y: 17, fg: DarkGray, bg: Reset, underline: Reset, modifier: NONE,
        x: 8, y: 17, fg: Reset, bg: Reset, underline: Reset, modifier: NONE,
        x: 10, y: 17, fg: DarkGray, bg: Reset, underline: Reset, modifier: NONE,
        x: 11, y: 17, fg: Rgb(12, 133, 153), bg: Reset, underline: Reset, modifier: NONE,
        x: 13, y: 17, fg: DarkGray, bg: Reset, underline: Reset, modifier: NONE,
        x: 14, y: 17, fg: Reset, bg: Reset, underline: Reset, modifier: NONE,
        x: 16, y: 17, fg: DarkGray, bg: Reset, underline: Reset, modifier: NONE,
        x: 17, y: 17, fg: Rgb(240, 140, 0), bg: Reset, underline: Reset, modifier: NONE,
        x: 19, y: 17, fg: DarkGray, bg: Reset, underline: Reset, modifier: NONE,
        x: 20, y: 17, fg: Reset, bg: Reset, underline: Reset, modifier: NONE,
        x: 22, y: 17, fg: DarkGray, bg: Reset, underline: Reset, modifier: NONE,
        x: 23, y: 17, fg: Rgb(232, 89, 12), bg: Reset, underline: Reset, modifier: NONE,
        x: 25, y: 17, fg: DarkGray, bg: Reset, underline: Reset, modifier: NONE,
        x: 26, y: 17, fg: Reset, bg: Reset, underline: Reset, modifier: NONE,
        x: 28, y: 17, fg: DarkGray, bg: Reset, underline: Reset, modifier: NONE,
        x: 29, y: 17, fg: Rgb(224, 49, 49), bg: Reset, underline: Reset, modifier: NONE,
        x: 31, y: 17, fg: DarkGray, bg: Reset, underline: Reset, modifier: NONE,
        x: 32, y: 17, fg: Reset, bg: Reset, underline: Reset, modifier: NONE,
        x: 39, y: 17, fg: Yellow, bg: Reset, underline: Reset, modifier: BOLD,
        x: 40, y: 17, fg: DarkGray, bg: Reset, underline: Reset, modifier: NONE,
        x: 41, y: 17, fg: Reset, bg: Reset, underline: Reset, modifier: NONE,
        x: 43, y: 17, fg: Indexed(6), bg: Reset, underline: Reset, modifier: BOLD,
        x: 53, y: 17, fg: Reset, bg: Reset, underline: Reset, modifier: NONE,
        x: 79, y: 17, fg: DarkGray, bg: Reset, underline: Reset, modifier: NONE,
        x: 0, y: 18, fg: Yellow, bg: Reset, underline: Reset, modifier: BOLD,
        x: 1, y: 18, fg: Reset, bg: Reset, underline: Reset, modifier: NONE,
        x: 2, y: 18, fg: DarkGray, bg: Reset, underline: Reset, modifier: NONE,
        x: 11, y: 18, fg: Rgb(222, 226, 230), bg: Reset, underline: Reset, modifier: NONE,
        x: 12, y: 18, fg: DarkGray, bg: Reset, underline: Reset, modifier: NONE,
        x: 14, y: 18, fg: Reset, bg: Reset, underline: Reset, modifier: NONE,
        x: 15, y: 18, fg: DarkGray, bg: Reset, underline: Reset, modifier: NONE,
        x: 16, y: 18, fg: Rgb(173, 181, 189), bg: Reset, underline: Reset, modifier: NONE,
        x: 17, y: 18, fg: DarkGray, bg: Reset, underline: Reset, modifier: NONE,
        x: 19, y: 18, fg: Reset, bg: Reset, underline: Reset, modifier: NONE,
        x: 20, y: 18, fg: DarkGray, bg: Reset, underline: Reset, modifier: NONE,
        x: 21, y: 18, fg: Rgb(134, 142, 150), bg: Reset, underline: Reset, modifier: NONE,
        x: 22, y: 18, fg: DarkGray, bg: Reset, underline: Reset, modifier: NONE,
        x: 24, y: 18, fg: Reset, bg: Reset, underline: Reset, modifier: NONE,
        x: 25, y: 18, fg: DarkGray, bg: Reset, underline: Reset, modifier: NONE,
        x: 26, y: 18, fg: Rgb(52, 58, 64), bg: Reset, underline: Reset, modifier: NONE,
        x: 27, y: 18, fg: DarkGray, bg: Reset, underline: Reset, modifier: NONE,
        x: 29, y: 18, fg: Reset, bg: Reset, underline: Reset, modifier: NONE,
        x: 30, y: 18, fg: Yellow, bg: Reset, underline: Reset, modifier: BOLD,
        x: 31, y: 18, fg: Rgb(73, 80, 87), bg: Reset, underline: Reset, modifier: NONE,
        x: 32, y: 18, fg: Yellow, bg: Reset, underline: Reset, modifier: BOLD,
        x: 34, y: 18, fg: Reset, bg: Reset, underline: Reset, modifier: NONE,
        x: 39, y: 18, fg: Yellow, bg: Reset, underline: Reset, modifier: BOLD,
        x: 40, y: 18, fg: DarkGray, bg: Reset, underline: Reset, modifier: NONE,
        x: 41, y: 18, fg: Reset, bg: Reset, underline: Reset, modifier: NONE,
        x: 79, y: 18, fg: DarkGray, bg: Reset, underline: Reset, modifier: NONE,
        x: 0, y: 19, fg: Yellow, bg: Reset, underline: Reset, modifier: BOLD,
        x: 1, y: 19, fg: Reset, bg: Reset, underline: Reset, modifier: NONE,
        x: 39, y: 19, fg: Yellow, bg: Reset, underline: Reset, modifier: BOLD,
        x: 40, y: 19, fg: DarkGray, bg: Reset, underline: Reset, modifier: NONE,
        x: 41, y: 19, fg: Reset, bg: Reset, underline: Reset, modifier: NONE,
        x: 79, y: 19, fg: DarkGray, bg: Reset, underline: Reset, modifier: NONE,
        x: 0, y: 20, fg: Yellow, bg: Reset, underline: Reset, modifier: BOLD,
        x: 1, y: 20, fg: Reset, bg: Reset, underline: Reset, modifier: NONE,
        x: 39, y: 20, fg: Yellow, bg: Reset, underline: Reset, modifier: BOLD,
        x: 40, y: 20, fg: DarkGray, bg: Reset, underline: Reset, modifier: NONE,
        x: 41, y: 20, fg: Reset, bg: Reset, underline: Reset, modifier: NONE,
        x: 79, y: 20, fg: DarkGray, bg: Reset, underline: Reset, modifier: NONE,
        x: 0, y: 21, fg: Yellow, bg: Reset, underline: Reset, modifier: BOLD,
        x: 1, y: 21, fg: Reset, bg: Reset, underline: Reset, modifier: NONE,
        x: 4, y: 21, fg: Reset, bg: Reset, underline: Reset, modifier: BOLD,
        x: 16, y: 21, fg: Reset, bg: Reset, underline: Reset, modifier: NONE,
        x: 39, y: 21, fg: Yellow, bg: Reset, underline: Reset, modifier: BOLD,
        x: 40, y: 21, fg: DarkGray, bg: Reset, underline: Reset, modifier: NONE,
        x: 41, y: 21, fg: Reset, bg: Reset, underline: Reset, modifier: NONE,
        x: 79, y: 21, fg: DarkGray, bg: Reset, underline: Reset, modifier: NONE,
        x: 0, y: 22, fg: Yellow, bg: Reset, underline: Reset, modifier: BOLD,
        x: 40, y: 22, fg: DarkGray, bg: Reset, underline: Reset, modifier: NONE,
        x: 0, y: 23, fg: Reset, bg: Reset, underline: Reset, modifier: NONE,
        x: 2, y: 23, fg: Yellow, bg: Reset, underline: Reset, modifier: BOLD,
        x: 5, y: 23, fg: DarkGray, bg: Reset, underline: Reset, modifier: DIM,
        x: 20, y: 23, fg: Yellow, bg: Reset, underline: Reset, modifier: BOLD,
        x: 21, y: 23, fg: DarkGray, bg: Reset, underline: Reset, modifier: DIM,
        x: 28, y: 23, fg: Yellow, bg: Reset, underline: Reset, modifier: BOLD,
        x: 30, y: 23, fg: DarkGray, bg: Reset, underline: Reset, modifier: DIM,
        x: 37, y: 23, fg: Yellow, bg: Reset, underline: Reset, modifier: BOLD,
        x: 38, y: 23, fg: DarkGray, bg: Reset, underline: Reset, modifier: DIM,
        x: 43, y: 23, fg: Reset, bg: Reset, underline: Reset, modifier: NONE,
    ]
}
