---
source: tests/tui_snapshots.rs
assertion_line: 103
expression: render_to_buffer(&app)
---
Buffer {
    area: Rect { x: 0, y: 0, width: 80, height: 24 },
    content: [
        "╭ cchud configurator ──────────────────────────────────────────────────────────╮",
        "│ ▶ 📝 Edit Lines                                                              │", // hidden by multi-width symbols: [(5, " ")]
        "│   🎨 Choose preset                                                           │", // hidden by multi-width symbols: [(5, " ")]
        "│   📦 Install to Claude Code                                                  │", // hidden by multi-width symbols: [(5, " ")]
        "│   🚪 Exit                                                                    │", // hidden by multi-width symbols: [(5, " ")]
        "╰──────────────────────────────────────────────────────────────────────────────╯",
        "╭ Preview ─────────────────────────────────────────────────────────────────────╮",
        "│  ╭─────────────────────────────────────────────────────────────────────────╮ │",
        "│  │ > ctrl+s saves config                                                   │ │",
        "│  ╰─────────────────────────────────────────────────────────────────────────╯ │",
        "│                                                                              │",
        "│  (empty — add a widget from the palette)                                     │",
        "│                                                                              │",
        "│                                                                              │",
        "│                                                                              │",
        "╰──────────────────────────────────────────────────────────────────────────────╯",
        "                                                                                ",
        "                                                                                ",
        "                                                                                ",
        "                                                                                ",
        "                                                                                ",
        "                                                                                ",
        "                                                                                ",
        "  Tab switch panel  ? help  ^S save  q quit                                     ",
    ],
    styles: [
        x: 0, y: 0, fg: DarkGray, bg: Reset, underline: Reset, modifier: NONE,
        x: 1, y: 1, fg: Reset, bg: Reset, underline: Reset, modifier: NONE,
        x: 2, y: 1, fg: Yellow, bg: Reset, underline: Reset, modifier: BOLD,
        x: 5, y: 1, fg: Reset, bg: Reset, underline: Reset, modifier: NONE,
        x: 6, y: 1, fg: Yellow, bg: Reset, underline: Reset, modifier: BOLD,
        x: 17, y: 1, fg: Reset, bg: Reset, underline: Reset, modifier: NONE,
        x: 79, y: 1, fg: DarkGray, bg: Reset, underline: Reset, modifier: NONE,
        x: 1, y: 2, fg: Reset, bg: Reset, underline: Reset, modifier: NONE,
        x: 79, y: 2, fg: DarkGray, bg: Reset, underline: Reset, modifier: NONE,
        x: 1, y: 3, fg: Reset, bg: Reset, underline: Reset, modifier: NONE,
        x: 79, y: 3, fg: DarkGray, bg: Reset, underline: Reset, modifier: NONE,
        x: 1, y: 4, fg: Reset, bg: Reset, underline: Reset, modifier: NONE,
        x: 79, y: 4, fg: DarkGray, bg: Reset, underline: Reset, modifier: NONE,
        x: 1, y: 7, fg: Reset, bg: Reset, underline: Reset, modifier: NONE,
        x: 3, y: 7, fg: DarkGray, bg: Reset, underline: Reset, modifier: NONE,
        x: 78, y: 7, fg: Reset, bg: Reset, underline: Reset, modifier: NONE,
        x: 79, y: 7, fg: DarkGray, bg: Reset, underline: Reset, modifier: NONE,
        x: 1, y: 8, fg: Reset, bg: Reset, underline: Reset, modifier: NONE,
        x: 3, y: 8, fg: DarkGray, bg: Reset, underline: Reset, modifier: NONE,
        x: 4, y: 8, fg: Reset, bg: Reset, underline: Reset, modifier: NONE,
        x: 5, y: 8, fg: Gray, bg: Reset, underline: Reset, modifier: NONE,
        x: 7, y: 8, fg: DarkGray, bg: Reset, underline: Reset, modifier: DIM,
        x: 26, y: 8, fg: Reset, bg: Reset, underline: Reset, modifier: NONE,
        x: 77, y: 8, fg: DarkGray, bg: Reset, underline: Reset, modifier: NONE,
        x: 78, y: 8, fg: Reset, bg: Reset, underline: Reset, modifier: NONE,
        x: 79, y: 8, fg: DarkGray, bg: Reset, underline: Reset, modifier: NONE,
        x: 1, y: 9, fg: Reset, bg: Reset, underline: Reset, modifier: NONE,
        x: 3, y: 9, fg: DarkGray, bg: Reset, underline: Reset, modifier: NONE,
        x: 78, y: 9, fg: Reset, bg: Reset, underline: Reset, modifier: NONE,
        x: 79, y: 9, fg: DarkGray, bg: Reset, underline: Reset, modifier: NONE,
        x: 1, y: 10, fg: Reset, bg: Reset, underline: Reset, modifier: NONE,
        x: 79, y: 10, fg: DarkGray, bg: Reset, underline: Reset, modifier: NONE,
        x: 1, y: 11, fg: Reset, bg: Reset, underline: Reset, modifier: NONE,
        x: 79, y: 11, fg: DarkGray, bg: Reset, underline: Reset, modifier: NONE,
        x: 1, y: 12, fg: Reset, bg: Reset, underline: Reset, modifier: NONE,
        x: 79, y: 12, fg: DarkGray, bg: Reset, underline: Reset, modifier: NONE,
        x: 1, y: 13, fg: Reset, bg: Reset, underline: Reset, modifier: NONE,
        x: 79, y: 13, fg: DarkGray, bg: Reset, underline: Reset, modifier: NONE,
        x: 1, y: 14, fg: Reset, bg: Reset, underline: Reset, modifier: NONE,
        x: 79, y: 14, fg: DarkGray, bg: Reset, underline: Reset, modifier: NONE,
        x: 0, y: 16, fg: Reset, bg: Reset, underline: Reset, modifier: NONE,
        x: 2, y: 23, fg: Yellow, bg: Reset, underline: Reset, modifier: BOLD,
        x: 5, y: 23, fg: DarkGray, bg: Reset, underline: Reset, modifier: DIM,
        x: 20, y: 23, fg: Yellow, bg: Reset, underline: Reset, modifier: BOLD,
        x: 21, y: 23, fg: DarkGray, bg: Reset, underline: Reset, modifier: DIM,
        x: 28, y: 23, fg: Yellow, bg: Reset, underline: Reset, modifier: BOLD,
        x: 30, y: 23, fg: DarkGray, bg: Reset, underline: Reset, modifier: DIM,
        x: 37, y: 23, fg: Yellow, bg: Reset, underline: Reset, modifier: BOLD,
        x: 38, y: 23, fg: DarkGray, bg: Reset, underline: Reset, modifier: DIM,
        x: 43, y: 23, fg: Reset, bg: Reset, underline: Reset, modifier: NONE,
    ]
}
