---
source: tests/tui_snapshots.rs
expression: render_to_buffer(&app)
---
Buffer {
    area: Rect { x: 0, y: 0, width: 80, height: 24 },
    content: [
        "╭ Lines ───────────────────────────────────────────────────────────────────────╮",
        "│ ↑↓ widgets · ←→ lines · Enter replace · a add · l line · d del · r raw · Alt │",
        "│ ▶ Line 1 (1 wi╭ Help (? to close) ───────────────────────────╮               │",
        "│     ▶ Model   │ cchud configure  ·  keybindings              │               │",
        "│               │                                              │               │",
        "│               │   Tab / Shift+Tab    cycle focus across pane │               │",
        "│               │   Lines: ↑ ↓         walk widgets across lin │               │",
        "│               │   Lines: ← →         switch between lines    │               │",
        "│               │   Lines: Enter       replace selected widget │               │",
        "│               │   Lines: a           add widget to current l │               │",
        "│               │   Lines: l           add new line            │               │",
        "╰───────────────│   Lines: d / Delete  delete widget · or empt │───────────────╯",
        "╭ Widget Setting│   Lines: r           toggle raw value (drop  │───────────────╮",
        "│ Tab to focus ·│   Lines: Alt+↑ / ↓   reorder widget within l │─────────────╮ │",
        "│   Text color: │   Palette: type      filter by name / catego │g            │ │",
        "│   Background: │   Palette: ↑ ↓       navigate (auto-scroll)  │─────────────╯ │",
        "│   Bold: [ ] de│   Palette: Enter     apply (add or replace)  │               │",
        "│               │   Palette: Esc       close palette without c │               │",
        "│ (no custom par│   Settings: ↑ ↓      select field (FG/BG/Bol │               │",
        "│               │   Settings: Enter    open color picker · edi │               │",
        "│               │   Settings: Space    toggle tri-state Bold   │               │",
        "│               ╰──────────────────────────────────────────────╯               │",
        "╰──────────────────────────────────────╯╰──────────────────────────────────────╯",
        "Tab switch panel  ? help  ^S save  q quit                                       ",
    ],
    styles: [
        x: 0, y: 0, fg: Yellow, bg: Reset, underline: Reset, modifier: BOLD,
        x: 1, y: 1, fg: Reset, bg: Reset, underline: Reset, modifier: NONE,
        x: 2, y: 1, fg: DarkGray, bg: Reset, underline: Reset, modifier: NONE,
        x: 78, y: 1, fg: Reset, bg: Reset, underline: Reset, modifier: NONE,
        x: 79, y: 1, fg: Yellow, bg: Reset, underline: Reset, modifier: BOLD,
        x: 1, y: 2, fg: Reset, bg: Reset, underline: Reset, modifier: NONE,
        x: 4, y: 2, fg: Reset, bg: Reset, underline: Reset, modifier: BOLD,
        x: 16, y: 2, fg: Yellow, bg: Reset, underline: Reset, modifier: BOLD,
        x: 64, y: 2, fg: Reset, bg: Reset, underline: Reset, modifier: NONE,
        x: 79, y: 2, fg: Yellow, bg: Reset, underline: Reset, modifier: BOLD,
        x: 1, y: 3, fg: Reset, bg: Reset, underline: Reset, modifier: NONE,
        x: 16, y: 3, fg: Yellow, bg: Reset, underline: Reset, modifier: BOLD,
        x: 17, y: 3, fg: Reset, bg: Reset, underline: Reset, modifier: NONE,
        x: 18, y: 3, fg: Yellow, bg: Reset, underline: Reset, modifier: BOLD,
        x: 49, y: 3, fg: Reset, bg: Reset, underline: Reset, modifier: NONE,
        x: 63, y: 3, fg: Yellow, bg: Reset, underline: Reset, modifier: BOLD,
        x: 64, y: 3, fg: Reset, bg: Reset, underline: Reset, modifier: NONE,
        x: 79, y: 3, fg: Yellow, bg: Reset, underline: Reset, modifier: BOLD,
        x: 1, y: 4, fg: Reset, bg: Reset, underline: Reset, modifier: NONE,
        x: 16, y: 4, fg: Yellow, bg: Reset, underline: Reset, modifier: BOLD,
        x: 17, y: 4, fg: Reset, bg: Reset, underline: Reset, modifier: NONE,
        x: 63, y: 4, fg: Yellow, bg: Reset, underline: Reset, modifier: BOLD,
        x: 64, y: 4, fg: Reset, bg: Reset, underline: Reset, modifier: NONE,
        x: 79, y: 4, fg: Yellow, bg: Reset, underline: Reset, modifier: BOLD,
        x: 1, y: 5, fg: Reset, bg: Reset, underline: Reset, modifier: NONE,
        x: 16, y: 5, fg: Yellow, bg: Reset, underline: Reset, modifier: BOLD,
        x: 17, y: 5, fg: Reset, bg: Reset, underline: Reset, modifier: NONE,
        x: 63, y: 5, fg: Yellow, bg: Reset, underline: Reset, modifier: BOLD,
        x: 64, y: 5, fg: Reset, bg: Reset, underline: Reset, modifier: NONE,
        x: 79, y: 5, fg: Yellow, bg: Reset, underline: Reset, modifier: BOLD,
        x: 1, y: 6, fg: Reset, bg: Reset, underline: Reset, modifier: NONE,
        x: 16, y: 6, fg: Yellow, bg: Reset, underline: Reset, modifier: BOLD,
        x: 17, y: 6, fg: Reset, bg: Reset, underline: Reset, modifier: NONE,
        x: 63, y: 6, fg: Yellow, bg: Reset, underline: Reset, modifier: BOLD,
        x: 64, y: 6, fg: Reset, bg: Reset, underline: Reset, modifier: NONE,
        x: 79, y: 6, fg: Yellow, bg: Reset, underline: Reset, modifier: BOLD,
        x: 1, y: 7, fg: Reset, bg: Reset, underline: Reset, modifier: NONE,
        x: 16, y: 7, fg: Yellow, bg: Reset, underline: Reset, modifier: BOLD,
        x: 17, y: 7, fg: Reset, bg: Reset, underline: Reset, modifier: NONE,
        x: 63, y: 7, fg: Yellow, bg: Reset, underline: Reset, modifier: BOLD,
        x: 64, y: 7, fg: Reset, bg: Reset, underline: Reset, modifier: NONE,
        x: 79, y: 7, fg: Yellow, bg: Reset, underline: Reset, modifier: BOLD,
        x: 1, y: 8, fg: Reset, bg: Reset, underline: Reset, modifier: NONE,
        x: 16, y: 8, fg: Yellow, bg: Reset, underline: Reset, modifier: BOLD,
        x: 17, y: 8, fg: Reset, bg: Reset, underline: Reset, modifier: NONE,
        x: 63, y: 8, fg: Yellow, bg: Reset, underline: Reset, modifier: BOLD,
        x: 64, y: 8, fg: Reset, bg: Reset, underline: Reset, modifier: NONE,
        x: 79, y: 8, fg: Yellow, bg: Reset, underline: Reset, modifier: BOLD,
        x: 1, y: 9, fg: Reset, bg: Reset, underline: Reset, modifier: NONE,
        x: 16, y: 9, fg: Yellow, bg: Reset, underline: Reset, modifier: BOLD,
        x: 17, y: 9, fg: Reset, bg: Reset, underline: Reset, modifier: NONE,
        x: 63, y: 9, fg: Yellow, bg: Reset, underline: Reset, modifier: BOLD,
        x: 64, y: 9, fg: Reset, bg: Reset, underline: Reset, modifier: NONE,
        x: 79, y: 9, fg: Yellow, bg: Reset, underline: Reset, modifier: BOLD,
        x: 1, y: 10, fg: Reset, bg: Reset, underline: Reset, modifier: NONE,
        x: 16, y: 10, fg: Yellow, bg: Reset, underline: Reset, modifier: BOLD,
        x: 17, y: 10, fg: Reset, bg: Reset, underline: Reset, modifier: NONE,
        x: 63, y: 10, fg: Yellow, bg: Reset, underline: Reset, modifier: BOLD,
        x: 64, y: 10, fg: Reset, bg: Reset, underline: Reset, modifier: NONE,
        x: 79, y: 10, fg: Yellow, bg: Reset, underline: Reset, modifier: BOLD,
        x: 17, y: 11, fg: Reset, bg: Reset, underline: Reset, modifier: NONE,
        x: 63, y: 11, fg: Yellow, bg: Reset, underline: Reset, modifier: BOLD,
        x: 0, y: 12, fg: DarkGray, bg: Reset, underline: Reset, modifier: NONE,
        x: 16, y: 12, fg: Yellow, bg: Reset, underline: Reset, modifier: BOLD,
        x: 17, y: 12, fg: Reset, bg: Reset, underline: Reset, modifier: NONE,
        x: 63, y: 12, fg: Yellow, bg: Reset, underline: Reset, modifier: BOLD,
        x: 64, y: 12, fg: DarkGray, bg: Reset, underline: Reset, modifier: NONE,
        x: 1, y: 13, fg: Reset, bg: Reset, underline: Reset, modifier: NONE,
        x: 2, y: 13, fg: DarkGray, bg: Reset, underline: Reset, modifier: DIM,
        x: 16, y: 13, fg: Yellow, bg: Reset, underline: Reset, modifier: BOLD,
        x: 17, y: 13, fg: Reset, bg: Reset, underline: Reset, modifier: NONE,
        x: 63, y: 13, fg: Yellow, bg: Reset, underline: Reset, modifier: BOLD,
        x: 64, y: 13, fg: DarkGray, bg: Reset, underline: Reset, modifier: NONE,
        x: 78, y: 13, fg: Reset, bg: Reset, underline: Reset, modifier: NONE,
        x: 79, y: 13, fg: DarkGray, bg: Reset, underline: Reset, modifier: NONE,
        x: 1, y: 14, fg: Reset, bg: Reset, underline: Reset, modifier: NONE,
        x: 4, y: 14, fg: Reset, bg: Reset, underline: Reset, modifier: BOLD,
        x: 16, y: 14, fg: Yellow, bg: Reset, underline: Reset, modifier: BOLD,
        x: 17, y: 14, fg: Reset, bg: Reset, underline: Reset, modifier: NONE,
        x: 63, y: 14, fg: Yellow, bg: Reset, underline: Reset, modifier: BOLD,
        x: 64, y: 14, fg: DarkGray, bg: Reset, underline: Reset, modifier: DIM,
        x: 65, y: 14, fg: Reset, bg: Reset, underline: Reset, modifier: NONE,
        x: 77, y: 14, fg: DarkGray, bg: Reset, underline: Reset, modifier: NONE,
        x: 78, y: 14, fg: Reset, bg: Reset, underline: Reset, modifier: NONE,
        x: 79, y: 14, fg: DarkGray, bg: Reset, underline: Reset, modifier: NONE,
        x: 1, y: 15, fg: Reset, bg: Reset, underline: Reset, modifier: NONE,
        x: 4, y: 15, fg: Reset, bg: Reset, underline: Reset, modifier: BOLD,
        x: 16, y: 15, fg: Yellow, bg: Reset, underline: Reset, modifier: BOLD,
        x: 17, y: 15, fg: Reset, bg: Reset, underline: Reset, modifier: NONE,
        x: 63, y: 15, fg: Yellow, bg: Reset, underline: Reset, modifier: BOLD,
        x: 64, y: 15, fg: DarkGray, bg: Reset, underline: Reset, modifier: NONE,
        x: 78, y: 15, fg: Reset, bg: Reset, underline: Reset, modifier: NONE,
        x: 79, y: 15, fg: DarkGray, bg: Reset, underline: Reset, modifier: NONE,
        x: 1, y: 16, fg: Reset, bg: Reset, underline: Reset, modifier: NONE,
        x: 4, y: 16, fg: Reset, bg: Reset, underline: Reset, modifier: BOLD,
        x: 10, y: 16, fg: Reset, bg: Reset, underline: Reset, modifier: NONE,
        x: 16, y: 16, fg: Yellow, bg: Reset, underline: Reset, modifier: BOLD,
        x: 17, y: 16, fg: Reset, bg: Reset, underline: Reset, modifier: NONE,
        x: 63, y: 16, fg: Yellow, bg: Reset, underline: Reset, modifier: BOLD,
        x: 64, y: 16, fg: Reset, bg: Reset, underline: Reset, modifier: NONE,
        x: 79, y: 16, fg: DarkGray, bg: Reset, underline: Reset, modifier: NONE,
        x: 1, y: 17, fg: Reset, bg: Reset, underline: Reset, modifier: NONE,
        x: 16, y: 17, fg: Yellow, bg: Reset, underline: Reset, modifier: BOLD,
        x: 17, y: 17, fg: Reset, bg: Reset, underline: Reset, modifier: NONE,
        x: 63, y: 17, fg: Yellow, bg: Reset, underline: Reset, modifier: BOLD,
        x: 64, y: 17, fg: Reset, bg: Reset, underline: Reset, modifier: NONE,
        x: 79, y: 17, fg: DarkGray, bg: Reset, underline: Reset, modifier: NONE,
        x: 1, y: 18, fg: Reset, bg: Reset, underline: Reset, modifier: NONE,
        x: 2, y: 18, fg: DarkGray, bg: Reset, underline: Reset, modifier: NONE,
        x: 16, y: 18, fg: Yellow, bg: Reset, underline: Reset, modifier: BOLD,
        x: 17, y: 18, fg: Reset, bg: Reset, underline: Reset, modifier: NONE,
        x: 63, y: 18, fg: Yellow, bg: Reset, underline: Reset, modifier: BOLD,
        x: 64, y: 18, fg: Reset, bg: Reset, underline: Reset, modifier: NONE,
        x: 79, y: 18, fg: DarkGray, bg: Reset, underline: Reset, modifier: NONE,
        x: 1, y: 19, fg: Reset, bg: Reset, underline: Reset, modifier: NONE,
        x: 16, y: 19, fg: Yellow, bg: Reset, underline: Reset, modifier: BOLD,
        x: 17, y: 19, fg: Reset, bg: Reset, underline: Reset, modifier: NONE,
        x: 63, y: 19, fg: Yellow, bg: Reset, underline: Reset, modifier: BOLD,
        x: 64, y: 19, fg: Reset, bg: Reset, underline: Reset, modifier: NONE,
        x: 79, y: 19, fg: DarkGray, bg: Reset, underline: Reset, modifier: NONE,
        x: 1, y: 20, fg: Reset, bg: Reset, underline: Reset, modifier: NONE,
        x: 16, y: 20, fg: Yellow, bg: Reset, underline: Reset, modifier: BOLD,
        x: 17, y: 20, fg: Reset, bg: Reset, underline: Reset, modifier: NONE,
        x: 63, y: 20, fg: Yellow, bg: Reset, underline: Reset, modifier: BOLD,
        x: 64, y: 20, fg: Reset, bg: Reset, underline: Reset, modifier: NONE,
        x: 79, y: 20, fg: DarkGray, bg: Reset, underline: Reset, modifier: NONE,
        x: 1, y: 21, fg: Reset, bg: Reset, underline: Reset, modifier: NONE,
        x: 16, y: 21, fg: Yellow, bg: Reset, underline: Reset, modifier: BOLD,
        x: 64, y: 21, fg: Reset, bg: Reset, underline: Reset, modifier: NONE,
        x: 79, y: 21, fg: DarkGray, bg: Reset, underline: Reset, modifier: NONE,
        x: 0, y: 23, fg: Yellow, bg: Reset, underline: Reset, modifier: BOLD,
        x: 3, y: 23, fg: DarkGray, bg: Reset, underline: Reset, modifier: DIM,
        x: 18, y: 23, fg: Yellow, bg: Reset, underline: Reset, modifier: BOLD,
        x: 19, y: 23, fg: DarkGray, bg: Reset, underline: Reset, modifier: DIM,
        x: 26, y: 23, fg: Yellow, bg: Reset, underline: Reset, modifier: BOLD,
        x: 28, y: 23, fg: DarkGray, bg: Reset, underline: Reset, modifier: DIM,
        x: 35, y: 23, fg: Yellow, bg: Reset, underline: Reset, modifier: BOLD,
        x: 36, y: 23, fg: DarkGray, bg: Reset, underline: Reset, modifier: DIM,
        x: 41, y: 23, fg: Reset, bg: Reset, underline: Reset, modifier: NONE,
    ]
}
