---
source: tests/tui_snapshots.rs
assertion_line: 127
expression: render_to_buffer(&app)
---
Buffer {
    area: Rect { x: 0, y: 0, width: 80, height: 24 },
    content: [
        "╭ cchud configurator ──────────────────────────────────────────────────────────╮",
        "│   📝 Edit Lines                                                              │", // hidden by multi-width symbols: [(5, " ")]
        "│   🎨 Choose preset                                                           │", // hidden by multi-width symbols: [(5, " ")]
        "│ ▶ 📦 Install to Claude Code                                                  │", // hidden by multi-width symbols: [(5, " ")]
        "│   🚪 Exit                                                                    │", // hidden by multi-width symbols: [(5, " ")]
        "╰───────────╭ Install to Claude Code ──────────────────────────────╮───────────╯",
        "╭ Preview ──│ Install to Claude Code?                              │───────────╮",
        "│  ╭────────│                                                      │─────────╮ │",
        "│  │ > ctrl+│ Will write cchud into ~/.claude/settings.json,       │         │ │",
        "│  ╰────────│ overwriting any existing statusLine.                 │─────────╯ │",
        "│           │                                                      │           │",
        "│  (empty — │ ▶ Overwrite                                          │           │",
        "│           │   Cancel                                             │           │",
        "│           │                                                      │           │",
        "│           │ ↑/↓ select  Enter confirm  Esc cancel                │           │",
        "╰───────────│                                                      │───────────╯",
        "            │                                                      │            ",
        "            ╰──────────────────────────────────────────────────────╯            ",
        "                                                                                ",
        "                                                                                ",
        "                                                                                ",
        "                                                                                ",
        "                                                                                ",
        "  Tab switch panel  ? help  ^S save  q quit                                     ",
    ],
    styles: [
        x: 0, y: 0, fg: DarkGray, bg: Reset, underline: Reset, modifier: NONE,
        x: 1, y: 1, fg: Reset, bg: Reset, underline: Reset, modifier: NONE,
        x: 79, y: 1, fg: DarkGray, bg: Reset, underline: Reset, modifier: NONE,
        x: 1, y: 2, fg: Reset, bg: Reset, underline: Reset, modifier: NONE,
        x: 79, y: 2, fg: DarkGray, bg: Reset, underline: Reset, modifier: NONE,
        x: 1, y: 3, fg: Reset, bg: Reset, underline: Reset, modifier: NONE,
        x: 2, y: 3, fg: Yellow, bg: Reset, underline: Reset, modifier: BOLD,
        x: 5, y: 3, fg: Reset, bg: Reset, underline: Reset, modifier: NONE,
        x: 6, y: 3, fg: Yellow, bg: Reset, underline: Reset, modifier: BOLD,
        x: 29, y: 3, fg: Reset, bg: Reset, underline: Reset, modifier: NONE,
        x: 79, y: 3, fg: DarkGray, bg: Reset, underline: Reset, modifier: NONE,
        x: 1, y: 4, fg: Reset, bg: Reset, underline: Reset, modifier: NONE,
        x: 79, y: 4, fg: DarkGray, bg: Reset, underline: Reset, modifier: NONE,
        x: 12, y: 5, fg: Yellow, bg: Reset, underline: Reset, modifier: BOLD,
        x: 68, y: 5, fg: DarkGray, bg: Reset, underline: Reset, modifier: NONE,
        x: 12, y: 6, fg: Yellow, bg: Reset, underline: Reset, modifier: BOLD,
        x: 13, y: 6, fg: Reset, bg: Reset, underline: Reset, modifier: NONE,
        x: 14, y: 6, fg: Yellow, bg: Reset, underline: Reset, modifier: BOLD,
        x: 37, y: 6, fg: Reset, bg: Reset, underline: Reset, modifier: NONE,
        x: 67, y: 6, fg: Yellow, bg: Reset, underline: Reset, modifier: BOLD,
        x: 68, y: 6, fg: DarkGray, bg: Reset, underline: Reset, modifier: NONE,
        x: 1, y: 7, fg: Reset, bg: Reset, underline: Reset, modifier: NONE,
        x: 3, y: 7, fg: DarkGray, bg: Reset, underline: Reset, modifier: NONE,
        x: 12, y: 7, fg: Yellow, bg: Reset, underline: Reset, modifier: BOLD,
        x: 13, y: 7, fg: Reset, bg: Reset, underline: Reset, modifier: NONE,
        x: 67, y: 7, fg: Yellow, bg: Reset, underline: Reset, modifier: BOLD,
        x: 68, y: 7, fg: DarkGray, bg: Reset, underline: Reset, modifier: NONE,
        x: 78, y: 7, fg: Reset, bg: Reset, underline: Reset, modifier: NONE,
        x: 79, y: 7, fg: DarkGray, bg: Reset, underline: Reset, modifier: NONE,
        x: 1, y: 8, fg: Reset, bg: Reset, underline: Reset, modifier: NONE,
        x: 3, y: 8, fg: DarkGray, bg: Reset, underline: Reset, modifier: NONE,
        x: 4, y: 8, fg: Reset, bg: Reset, underline: Reset, modifier: NONE,
        x: 5, y: 8, fg: Gray, bg: Reset, underline: Reset, modifier: NONE,
        x: 7, y: 8, fg: DarkGray, bg: Reset, underline: Reset, modifier: DIM,
        x: 12, y: 8, fg: Yellow, bg: Reset, underline: Reset, modifier: BOLD,
        x: 13, y: 8, fg: Reset, bg: Reset, underline: Reset, modifier: NONE,
        x: 67, y: 8, fg: Yellow, bg: Reset, underline: Reset, modifier: BOLD,
        x: 68, y: 8, fg: Reset, bg: Reset, underline: Reset, modifier: NONE,
        x: 77, y: 8, fg: DarkGray, bg: Reset, underline: Reset, modifier: NONE,
        x: 78, y: 8, fg: Reset, bg: Reset, underline: Reset, modifier: NONE,
        x: 79, y: 8, fg: DarkGray, bg: Reset, underline: Reset, modifier: NONE,
        x: 1, y: 9, fg: Reset, bg: Reset, underline: Reset, modifier: NONE,
        x: 3, y: 9, fg: DarkGray, bg: Reset, underline: Reset, modifier: NONE,
        x: 12, y: 9, fg: Yellow, bg: Reset, underline: Reset, modifier: BOLD,
        x: 13, y: 9, fg: Reset, bg: Reset, underline: Reset, modifier: NONE,
        x: 67, y: 9, fg: Yellow, bg: Reset, underline: Reset, modifier: BOLD,
        x: 68, y: 9, fg: DarkGray, bg: Reset, underline: Reset, modifier: NONE,
        x: 78, y: 9, fg: Reset, bg: Reset, underline: Reset, modifier: NONE,
        x: 79, y: 9, fg: DarkGray, bg: Reset, underline: Reset, modifier: NONE,
        x: 1, y: 10, fg: Reset, bg: Reset, underline: Reset, modifier: NONE,
        x: 12, y: 10, fg: Yellow, bg: Reset, underline: Reset, modifier: BOLD,
        x: 13, y: 10, fg: Reset, bg: Reset, underline: Reset, modifier: NONE,
        x: 67, y: 10, fg: Yellow, bg: Reset, underline: Reset, modifier: BOLD,
        x: 68, y: 10, fg: Reset, bg: Reset, underline: Reset, modifier: NONE,
        x: 79, y: 10, fg: DarkGray, bg: Reset, underline: Reset, modifier: NONE,
        x: 1, y: 11, fg: Reset, bg: Reset, underline: Reset, modifier: NONE,
        x: 12, y: 11, fg: Yellow, bg: Reset, underline: Reset, modifier: BOLD,
        x: 13, y: 11, fg: Reset, bg: Reset, underline: Reset, modifier: NONE,
        x: 14, y: 11, fg: Yellow, bg: Reset, underline: Reset, modifier: BOLD,
        x: 25, y: 11, fg: Reset, bg: Reset, underline: Reset, modifier: NONE,
        x: 67, y: 11, fg: Yellow, bg: Reset, underline: Reset, modifier: BOLD,
        x: 68, y: 11, fg: Reset, bg: Reset, underline: Reset, modifier: NONE,
        x: 79, y: 11, fg: DarkGray, bg: Reset, underline: Reset, modifier: NONE,
        x: 1, y: 12, fg: Reset, bg: Reset, underline: Reset, modifier: NONE,
        x: 12, y: 12, fg: Yellow, bg: Reset, underline: Reset, modifier: BOLD,
        x: 13, y: 12, fg: Reset, bg: Reset, underline: Reset, modifier: NONE,
        x: 67, y: 12, fg: Yellow, bg: Reset, underline: Reset, modifier: BOLD,
        x: 68, y: 12, fg: Reset, bg: Reset, underline: Reset, modifier: NONE,
        x: 79, y: 12, fg: DarkGray, bg: Reset, underline: Reset, modifier: NONE,
        x: 1, y: 13, fg: Reset, bg: Reset, underline: Reset, modifier: NONE,
        x: 12, y: 13, fg: Yellow, bg: Reset, underline: Reset, modifier: BOLD,
        x: 13, y: 13, fg: Reset, bg: Reset, underline: Reset, modifier: NONE,
        x: 67, y: 13, fg: Yellow, bg: Reset, underline: Reset, modifier: BOLD,
        x: 68, y: 13, fg: Reset, bg: Reset, underline: Reset, modifier: NONE,
        x: 79, y: 13, fg: DarkGray, bg: Reset, underline: Reset, modifier: NONE,
        x: 1, y: 14, fg: Reset, bg: Reset, underline: Reset, modifier: NONE,
        x: 12, y: 14, fg: Yellow, bg: Reset, underline: Reset, modifier: BOLD,
        x: 13, y: 14, fg: Reset, bg: Reset, underline: Reset, modifier: NONE,
        x: 14, y: 14, fg: DarkGray, bg: Reset, underline: Reset, modifier: NONE,
        x: 51, y: 14, fg: Reset, bg: Reset, underline: Reset, modifier: NONE,
        x: 67, y: 14, fg: Yellow, bg: Reset, underline: Reset, modifier: BOLD,
        x: 68, y: 14, fg: Reset, bg: Reset, underline: Reset, modifier: NONE,
        x: 79, y: 14, fg: DarkGray, bg: Reset, underline: Reset, modifier: NONE,
        x: 12, y: 15, fg: Yellow, bg: Reset, underline: Reset, modifier: BOLD,
        x: 13, y: 15, fg: Reset, bg: Reset, underline: Reset, modifier: NONE,
        x: 67, y: 15, fg: Yellow, bg: Reset, underline: Reset, modifier: BOLD,
        x: 68, y: 15, fg: DarkGray, bg: Reset, underline: Reset, modifier: NONE,
        x: 0, y: 16, fg: Reset, bg: Reset, underline: Reset, modifier: NONE,
        x: 12, y: 16, fg: Yellow, bg: Reset, underline: Reset, modifier: BOLD,
        x: 13, y: 16, fg: Reset, bg: Reset, underline: Reset, modifier: NONE,
        x: 67, y: 16, fg: Yellow, bg: Reset, underline: Reset, modifier: BOLD,
        x: 68, y: 16, fg: Reset, bg: Reset, underline: Reset, modifier: NONE,
        x: 12, y: 17, fg: Yellow, bg: Reset, underline: Reset, modifier: BOLD,
        x: 68, y: 17, fg: Reset, bg: Reset, underline: Reset, modifier: NONE,
        x: 2, y: 23, fg: Yellow, bg: Reset, underline: Reset, modifier: BOLD,
        x: 5, y: 23, fg: DarkGray, bg: Reset, underline: Reset, modifier: DIM,
        x: 20, y: 23, fg: Yellow, bg: Reset, underline: Reset, modifier: BOLD,
        x: 21, y: 23, fg: DarkGray, bg: Reset, underline: Reset, modifier: DIM,
        x: 28, y: 23, fg: Yellow, bg: Reset, underline: Reset, modifier: BOLD,
        x: 30, y: 23, fg: DarkGray, bg: Reset, underline: Reset, modifier: DIM,
        x: 37, y: 23, fg: Yellow, bg: Reset, underline: Reset, modifier: BOLD,
        x: 38, y: 23, fg: DarkGray, bg: Reset, underline: Reset, modifier: DIM,
        x: 43, y: 23, fg: Reset, bg: Reset, underline: Reset, modifier: NONE,
    ]
}
