---
source: tests/tui_snapshots.rs
expression: render_to_buffer(&app)
---
Buffer {
    area: Rect { x: 0, y: 0, width: 80, height: 24 },
    content: [
        "┌Lines─────────────────────────┐┌Widgets (60/60)───────────────────────────────┐",
        "│▶ Line 1 (1 widgets)          ││press / to filter                             │",
        "│    ▶ Model    ┌Help (? to close)─────────────────────────────┐               │",
        "│               │cchud configure  ·  keybindings               │               │",
        "│  + a: add line│                                              │               │",
        "│               │  Tab / Shift+Tab    cycle focus across 4 pane│               │",
        "│               │  ↑ ↓ ← →            navigate within active pa│               │",
        "│               │  Enter              add widget (palette) · co│               │",
        "│               │  Space              toggle tri-state bool (se│               │",
        "│               │  a                  add line (Lines pane)    │               │",
        "│               │  d / Delete         delete selected widget · │               │",
        "└───────────────│  Alt + ↑ / ↓        reorder widget within lin│───────────────┘",
        "┌Widget Settings│  /                  filter palette by name / │───────────────┐",
        "│FG = (none)    │  t                  toggle Themes overlay    │               │",
        "│     Default (n│  ?                  this help (any key closes│               │",
        "│  ██ Black     │  Ctrl + S           save and quit            │               │",
        "│BG = (none)    │  q / Ctrl + C       quit (confirms if unsaved│               │",
        "│     Default (n│                                              │               │",
        "│  ██ Black     │(any key closes)                              │               │",
        "│Bold [ ]       │                                              │               │",
        "│(no custom para│                                              │               │",
        "│               └──────────────────────────────────────────────┘               │",
        "└──────────────────────────────────────┘└──────────────────────────────────────┘",
        "  HelpOverlay  focus=Lines  ·  ? for help                                       ",
    ],
    styles: [
        x: 0, y: 0, fg: Yellow, bg: Reset, underline: Reset, modifier: NONE,
        x: 32, y: 0, fg: Reset, bg: Reset, underline: Reset, modifier: NONE,
        x: 0, y: 1, fg: Yellow, bg: Reset, underline: Reset, modifier: NONE,
        x: 1, y: 1, fg: Reset, bg: Reset, underline: Reset, modifier: NONE,
        x: 3, y: 1, fg: Reset, bg: Reset, underline: Reset, modifier: BOLD,
        x: 21, y: 1, fg: Reset, bg: Reset, underline: Reset, modifier: NONE,
        x: 31, y: 1, fg: Yellow, bg: Reset, underline: Reset, modifier: NONE,
        x: 32, y: 1, fg: Reset, bg: Reset, underline: Reset, modifier: NONE,
        x: 33, y: 1, fg: Cyan, bg: Reset, underline: Reset, modifier: NONE,
        x: 50, y: 1, fg: Reset, bg: Reset, underline: Reset, modifier: NONE,
        x: 0, y: 2, fg: Yellow, bg: Reset, underline: Reset, modifier: NONE,
        x: 1, y: 2, fg: Reset, bg: Reset, underline: Reset, modifier: NONE,
        x: 0, y: 3, fg: Yellow, bg: Reset, underline: Reset, modifier: NONE,
        x: 1, y: 3, fg: Reset, bg: Reset, underline: Reset, modifier: NONE,
        x: 17, y: 3, fg: Yellow, bg: Reset, underline: Reset, modifier: BOLD,
        x: 48, y: 3, fg: Reset, bg: Reset, underline: Reset, modifier: NONE,
        x: 0, y: 4, fg: Yellow, bg: Reset, underline: Reset, modifier: NONE,
        x: 1, y: 4, fg: DarkGray, bg: Reset, underline: Reset, modifier: NONE,
        x: 16, y: 4, fg: Reset, bg: Reset, underline: Reset, modifier: NONE,
        x: 0, y: 5, fg: Yellow, bg: Reset, underline: Reset, modifier: NONE,
        x: 1, y: 5, fg: Reset, bg: Reset, underline: Reset, modifier: NONE,
        x: 0, y: 6, fg: Yellow, bg: Reset, underline: Reset, modifier: NONE,
        x: 1, y: 6, fg: Reset, bg: Reset, underline: Reset, modifier: NONE,
        x: 0, y: 7, fg: Yellow, bg: Reset, underline: Reset, modifier: NONE,
        x: 1, y: 7, fg: Reset, bg: Reset, underline: Reset, modifier: NONE,
        x: 0, y: 8, fg: Yellow, bg: Reset, underline: Reset, modifier: NONE,
        x: 1, y: 8, fg: Reset, bg: Reset, underline: Reset, modifier: NONE,
        x: 0, y: 9, fg: Yellow, bg: Reset, underline: Reset, modifier: NONE,
        x: 1, y: 9, fg: Reset, bg: Reset, underline: Reset, modifier: NONE,
        x: 0, y: 10, fg: Yellow, bg: Reset, underline: Reset, modifier: NONE,
        x: 1, y: 10, fg: Reset, bg: Reset, underline: Reset, modifier: NONE,
        x: 0, y: 11, fg: Yellow, bg: Reset, underline: Reset, modifier: NONE,
        x: 16, y: 11, fg: Reset, bg: Reset, underline: Reset, modifier: NONE,
        x: 3, y: 15, fg: Rgb(0, 0, 0), bg: Reset, underline: Reset, modifier: NONE,
        x: 5, y: 15, fg: Reset, bg: Reset, underline: Reset, modifier: NONE,
        x: 3, y: 18, fg: Rgb(0, 0, 0), bg: Reset, underline: Reset, modifier: NONE,
        x: 5, y: 18, fg: Reset, bg: Reset, underline: Reset, modifier: NONE,
        x: 17, y: 18, fg: DarkGray, bg: Reset, underline: Reset, modifier: NONE,
        x: 33, y: 18, fg: Reset, bg: Reset, underline: Reset, modifier: NONE,
        x: 1, y: 20, fg: DarkGray, bg: Reset, underline: Reset, modifier: NONE,
        x: 16, y: 20, fg: Reset, bg: Reset, underline: Reset, modifier: NONE,
        x: 1, y: 21, fg: DarkGray, bg: Reset, underline: Reset, modifier: NONE,
        x: 16, y: 21, fg: Reset, bg: Reset, underline: Reset, modifier: NONE,
        x: 0, y: 23, fg: DarkGray, bg: Reset, underline: Reset, modifier: DIM,
        x: 41, y: 23, fg: Reset, bg: Reset, underline: Reset, modifier: NONE,
    ]
}
